// Jest Snapshot v1, https://goo.gl/fbAQLP

exports[`Storyshots src/components/ListDetail.tsx Show List Detail With Prop 1`] = `
<div>
  <h1>
    Detail for 
    catüê±
  </h1>
  <p>
    ID: 
    1
  </p>
</div>
`;
